// Jest Snapshot v1, https://goo.gl/fbAQLP

exports[`HTMLDependencyManager getSortedDependencies getSortedDependencies should sort dependencies correctly 1`] = `
{
  "react": [
    {
      "isGlobal": true,
      "name": "react",
      "subDependencies": {
        "react-dom": {
          "isGlobal": false,
          "name": "react-dom",
          "subDependencies": {},
          "version": "16.13.1",
        },
      },
      "version": "16.13.1",
    },
    {
      "isGlobal": false,
      "name": "react",
      "subDependencies": {},
      "version": "17.0.0",
    },
  ],
  "react-dom": [
    {
      "isGlobal": false,
      "name": "react-dom",
      "subDependencies": {},
      "version": "16.13.1",
    },
  ],
  "redux": [
    {
      "isGlobal": true,
      "name": "redux",
      "subDependencies": {
        "react": {
          "isGlobal": false,
          "name": "react",
          "subDependencies": {},
          "version": "17.0.0",
        },
      },
      "version": "4.1.0",
    },
  ],
}
`;
